// Jest Snapshot v1, https://goo.gl/fbAQLP

exports[`<Button /> renders with Light theme 1`] = `
.c0 {
  background-color: #81C784;
  border-radius: 4px;
  border: 1px solid #81C784;
  color: #fff;
  display: -webkit-box;
  display: -webkit-flex;
  display: -ms-flexbox;
  display: flex;
  -webkit-align-items: center;
  -webkit-box-align: center;
  -ms-flex-align: center;
  align-items: center;
  -webkit-box-pack: center;
  -webkit-justify-content: center;
  -ms-flex-pack: center;
  justify-content: center;
  font-size: 16px;
  font-weight: bold;
  height: 40px;
  margin: 0;
  min-width: 140px;
  padding: 0 16px;
  position: relative;
  opacity: 1;
  cursor: pointer;
  -webkit-transition: border-color 300ms ease,background-color 300ms ease, color 300ms ease;
  transition: border-color 300ms ease,background-color 300ms ease, color 300ms ease;
  overflow: hidden;
}

.c0:hover {
  background-color: #6fbf73;
  border-color: #6fbf73;
}

.c0:focus {
  background-color: #81C784;
  border-color: #5eb762;
}

.c0:active {
  background-color: #5eb762;
  border-color: #5eb762;
}

.c0:before {
  content: '';
  position: absolute;
  top: 50%;
  left: 50%;
  display: block;
  width: 0;
  padding-top: 0;
  border-radius: 100%;
  opacity: 0.2;
  background-color: #5eb762;
  -webkit-transform: translate(-50%,-50%);
  -ms-transform: translate(-50%,-50%);
  transform: translate(-50%,-50%);
}

.c0:focus:before,
.c0:active:before {
  width: 120%;
  padding-top: 120%;
  -webkit-transition: width 0.4s ease-out,padding-top 0.4s ease-out;
  transition: width 0.4s ease-out,padding-top 0.4s ease-out;
}

<button
  class="c0"
  color="primary"
  data-testid="button"
  type="button"
>
  Test
</button>
`;

exports[`<Button /> renders with Light theme 2`] = `
.c0 {
  background-color: #81C784;
  border-radius: 4px;
  border: 1px solid #81C784;
  color: #fff;
  display: -webkit-box;
  display: -webkit-flex;
  display: -ms-flexbox;
  display: flex;
  -webkit-align-items: center;
  -webkit-box-align: center;
  -ms-flex-align: center;
  align-items: center;
  -webkit-box-pack: center;
  -webkit-justify-content: center;
  -ms-flex-pack: center;
  justify-content: center;
  font-size: 16px;
  font-weight: bold;
  height: 40px;
  margin: 0;
  min-width: 140px;
  padding: 0 16px;
  position: relative;
  opacity: 1;
  cursor: pointer;
  -webkit-transition: border-color 300ms ease,background-color 300ms ease, color 300ms ease;
  transition: border-color 300ms ease,background-color 300ms ease, color 300ms ease;
  overflow: hidden;
}

.c0:hover {
  background-color: #6fbf73;
  border-color: #6fbf73;
}

.c0:focus {
  background-color: #81C784;
  border-color: #5eb762;
}

.c0:active {
  background-color: #5eb762;
  border-color: #5eb762;
}

.c0:before {
  content: '';
  position: absolute;
  top: 50%;
  left: 50%;
  display: block;
  width: 0;
  padding-top: 0;
  border-radius: 100%;
  opacity: 0.2;
  background-color: #5eb762;
  -webkit-transform: translate(-50%,-50%);
  -ms-transform: translate(-50%,-50%);
  transform: translate(-50%,-50%);
}

.c0:focus:before,
.c0:active:before {
  width: 120%;
  padding-top: 120%;
  -webkit-transition: width 0.4s ease-out,padding-top 0.4s ease-out;
  transition: width 0.4s ease-out,padding-top 0.4s ease-out;
}

<button
  class="c0"
  color="primary"
  data-testid="button"
  type="button"
>
  Test
</button>
`;
